2025-08-25 21:53:17,008 - root - INFO - setup_logging:71 - Logging configured successfully
2025-08-25 21:53:17,008 - root - INFO - setup_logging:72 - Log level: INFO
2025-08-25 21:53:17,008 - root - INFO - setup_logging:73 - Log directory: /Users/mac/Desktop/Possible/app/mkd/try_on_ds/logs
2025-08-25 21:53:46,229 - root - INFO - setup_logging:71 - Logging configured successfully
2025-08-25 21:53:46,229 - root - INFO - setup_logging:72 - Log level: INFO
2025-08-25 21:53:46,229 - root - INFO - setup_logging:73 - Log directory: /Users/mac/Desktop/Possible/app/mkd/try_on_ds/logs
2025-08-25 21:53:46,232 - src.styled_ai.main - INFO - startup_event:51 - Starting Styled AI Data Science Service...
2025-08-25 21:53:46,232 - src.styled_ai.core.processor - INFO - initialize:64 - Initializing TryOnProcessor...
2025-08-25 21:53:46,232 - src.styled_ai.models.simple_model_manager - INFO - initialize:28 - Initializing SimpleModelManager...
2025-08-25 21:53:46,232 - src.styled_ai.models.simple_model_manager - INFO - initialize:31 - SimpleModelManager initialized successfully
2025-08-25 21:53:46,232 - src.styled_ai.processors.simple_image_processor - INFO - initialize:30 - Initializing SimpleImageProcessor...
2025-08-25 21:53:46,232 - src.styled_ai.processors.simple_image_processor - INFO - initialize:33 - SimpleImageProcessor initialized successfully
2025-08-25 21:53:46,232 - src.styled_ai.processors.simple_fit_analyzer - INFO - initialize:29 - Initializing SimpleFitAnalyzer...
2025-08-25 21:53:46,232 - src.styled_ai.processors.simple_fit_analyzer - INFO - initialize:32 - SimpleFitAnalyzer initialized successfully
2025-08-25 21:53:46,232 - src.styled_ai.processors.simple_size_recommender - INFO - initialize:28 - Initializing SimpleSizeRecommender...
2025-08-25 21:53:46,232 - src.styled_ai.processors.simple_size_recommender - INFO - initialize:31 - SimpleSizeRecommender initialized successfully
2025-08-25 21:53:46,232 - src.styled_ai.core.processor - INFO - initialize:75 - TryOnProcessor initialized successfully
2025-08-25 21:53:46,232 - src.styled_ai.main - INFO - startup_event:54 - Service initialized successfully
2025-08-25 22:14:02,595 - src.styled_ai.main - INFO - process_try_on:96 - Processing try-on request: 2c3286fd-f0bd-4f19-8881-b2ca67d7b3aa
2025-08-25 22:14:02,597 - src.styled_ai.core.processor - INFO - process_try_on:182 - Processing try-on request: 2c3286fd-f0bd-4f19-8881-b2ca67d7b3aa
2025-08-25 22:14:07,905 - src.styled_ai.core.processor - ERROR - _download_image_from_url:445 - Error downloading image from https://example.com/images/person.jpg: Failed to download image from https://example.com/images/person.jpg: HTTP 404
2025-08-25 22:14:07,905 - src.styled_ai.core.processor - ERROR - _preprocess_avatar:477 - Error preprocessing avatar: Failed to download image from https://example.com/images/person.jpg: Failed to download image from https://example.com/images/person.jpg: HTTP 404
2025-08-25 22:14:07,905 - src.styled_ai.core.processor - ERROR - process_try_on:243 - Error processing try-on request 2c3286fd-f0bd-4f19-8881-b2ca67d7b3aa: Failed to download image from https://example.com/images/person.jpg: Failed to download image from https://example.com/images/person.jpg: HTTP 404
2025-08-25 22:14:40,861 - src.styled_ai.main - INFO - process_try_on:96 - Processing try-on request: a48d9e05-65ad-40de-b6cc-f84c04de3e30
2025-08-25 22:14:40,862 - src.styled_ai.core.processor - INFO - process_try_on:182 - Processing try-on request: a48d9e05-65ad-40de-b6cc-f84c04de3e30
2025-08-25 22:14:41,400 - src.styled_ai.core.processor - ERROR - _download_image_from_url:445 - Error downloading image from https://upload.wikimedia.org/wikipedia/commons/7/7c/Profile_avatar_placeholder_large.png: Failed to download image from https://upload.wikimedia.org/wikipedia/commons/7/7c/Profile_avatar_placeholder_large.png: HTTP 403
2025-08-25 22:14:41,401 - src.styled_ai.core.processor - ERROR - _preprocess_avatar:477 - Error preprocessing avatar: Failed to download image from https://upload.wikimedia.org/wikipedia/commons/7/7c/Profile_avatar_placeholder_large.png: Failed to download image from https://upload.wikimedia.org/wikipedia/commons/7/7c/Profile_avatar_placeholder_large.png: HTTP 403
2025-08-25 22:14:41,401 - src.styled_ai.core.processor - ERROR - process_try_on:243 - Error processing try-on request a48d9e05-65ad-40de-b6cc-f84c04de3e30: Failed to download image from https://upload.wikimedia.org/wikipedia/commons/7/7c/Profile_avatar_placeholder_large.png: Failed to download image from https://upload.wikimedia.org/wikipedia/commons/7/7c/Profile_avatar_placeholder_large.png: HTTP 403
2025-08-25 22:33:59,302 - src.styled_ai.main - INFO - shutdown_event:62 - Shutting down Styled AI Data Science Service...
2025-08-25 22:33:59,304 - src.styled_ai.core.processor - INFO - cleanup:84 - Cleaning up TryOnProcessor...
2025-08-25 22:33:59,304 - src.styled_ai.processors.simple_image_processor - INFO - cleanup:41 - Cleaning up SimpleImageProcessor...
2025-08-25 22:33:59,304 - src.styled_ai.processors.simple_image_processor - INFO - cleanup:43 - SimpleImageProcessor cleanup completed
2025-08-25 22:33:59,304 - src.styled_ai.processors.simple_fit_analyzer - INFO - cleanup:40 - Cleaning up SimpleFitAnalyzer...
2025-08-25 22:33:59,304 - src.styled_ai.processors.simple_fit_analyzer - INFO - cleanup:42 - SimpleFitAnalyzer cleanup completed
2025-08-25 22:33:59,304 - src.styled_ai.processors.simple_size_recommender - INFO - cleanup:39 - Cleaning up SimpleSizeRecommender...
2025-08-25 22:33:59,304 - src.styled_ai.processors.simple_size_recommender - INFO - cleanup:41 - SimpleSizeRecommender cleanup completed
2025-08-25 22:33:59,304 - src.styled_ai.models.simple_model_manager - INFO - cleanup:39 - Cleaning up SimpleModelManager...
2025-08-25 22:33:59,304 - src.styled_ai.models.simple_model_manager - INFO - cleanup:41 - SimpleModelManager cleanup completed
2025-08-25 22:33:59,304 - src.styled_ai.core.processor - INFO - _clear_image_cache:105 - Cleared 0 cached images from memory
2025-08-25 22:33:59,305 - src.styled_ai.core.processor - INFO - cleanup:95 - TryOnProcessor cleanup completed
2025-08-25 22:33:59,967 - root - INFO - setup_logging:71 - Logging configured successfully
2025-08-25 22:33:59,967 - root - INFO - setup_logging:72 - Log level: INFO
2025-08-25 22:33:59,967 - root - INFO - setup_logging:73 - Log directory: /Users/mac/Desktop/Possible/app/mkd/try_on_ds/logs
2025-08-25 22:33:59,971 - src.styled_ai.main - INFO - startup_event:51 - Starting Styled AI Data Science Service...
2025-08-25 22:33:59,971 - src.styled_ai.core.processor - INFO - initialize:64 - Initializing TryOnProcessor...
2025-08-25 22:33:59,971 - src.styled_ai.models.simple_model_manager - INFO - initialize:28 - Initializing SimpleModelManager...
2025-08-25 22:33:59,971 - src.styled_ai.models.simple_model_manager - INFO - initialize:31 - SimpleModelManager initialized successfully
2025-08-25 22:33:59,971 - src.styled_ai.processors.simple_image_processor - INFO - initialize:30 - Initializing SimpleImageProcessor...
2025-08-25 22:33:59,971 - src.styled_ai.processors.simple_image_processor - INFO - initialize:33 - SimpleImageProcessor initialized successfully
2025-08-25 22:33:59,971 - src.styled_ai.processors.simple_fit_analyzer - INFO - initialize:29 - Initializing SimpleFitAnalyzer...
2025-08-25 22:33:59,971 - src.styled_ai.processors.simple_fit_analyzer - INFO - initialize:32 - SimpleFitAnalyzer initialized successfully
2025-08-25 22:33:59,971 - src.styled_ai.processors.simple_size_recommender - INFO - initialize:28 - Initializing SimpleSizeRecommender...
2025-08-25 22:33:59,971 - src.styled_ai.processors.simple_size_recommender - INFO - initialize:31 - SimpleSizeRecommender initialized successfully
2025-08-25 22:33:59,971 - src.styled_ai.core.processor - INFO - initialize:75 - TryOnProcessor initialized successfully
2025-08-25 22:33:59,971 - src.styled_ai.main - INFO - startup_event:54 - Service initialized successfully
2025-08-25 22:47:11,436 - src.styled_ai.main - INFO - shutdown_event:62 - Shutting down Styled AI Data Science Service...
2025-08-25 22:47:11,438 - src.styled_ai.core.processor - INFO - cleanup:84 - Cleaning up TryOnProcessor...
2025-08-25 22:47:11,439 - src.styled_ai.processors.simple_image_processor - INFO - cleanup:41 - Cleaning up SimpleImageProcessor...
2025-08-25 22:47:11,439 - src.styled_ai.processors.simple_image_processor - INFO - cleanup:43 - SimpleImageProcessor cleanup completed
2025-08-25 22:47:11,439 - src.styled_ai.processors.simple_fit_analyzer - INFO - cleanup:40 - Cleaning up SimpleFitAnalyzer...
2025-08-25 22:47:11,439 - src.styled_ai.processors.simple_fit_analyzer - INFO - cleanup:42 - SimpleFitAnalyzer cleanup completed
2025-08-25 22:47:11,439 - src.styled_ai.processors.simple_size_recommender - INFO - cleanup:39 - Cleaning up SimpleSizeRecommender...
2025-08-25 22:47:11,439 - src.styled_ai.processors.simple_size_recommender - INFO - cleanup:41 - SimpleSizeRecommender cleanup completed
2025-08-25 22:47:11,439 - src.styled_ai.models.simple_model_manager - INFO - cleanup:39 - Cleaning up SimpleModelManager...
2025-08-25 22:47:11,439 - src.styled_ai.models.simple_model_manager - INFO - cleanup:41 - SimpleModelManager cleanup completed
2025-08-25 22:47:11,439 - src.styled_ai.core.processor - INFO - _clear_image_cache:105 - Cleared 0 cached images from memory
2025-08-25 22:47:11,439 - src.styled_ai.core.processor - INFO - cleanup:95 - TryOnProcessor cleanup completed
